<html>
<body>
<pre>
<h1>µVision Build Log</h1>
<h2>Tool Versions:</h2>
IDE-Version: µVision V5.42.0.0
Copyright (C) 2025 ARM Ltd and ARM Germany GmbH. All rights reserved.
License Information: Stanley ZHAO, Heriot-Watt University, LIC=GMZI6-DKGS4-2ZLW4-FI5LD-AVNYA-H21DR
 
Tool Versions:
Toolchain:       MDK-ARM Plus  Version: 5.42.0.0
Toolchain Path:  C:\users\crossover\AppData\Local\Keil_v5\ARM\ARMCLANG\Bin
C Compiler:      ArmClang.exe V6.23
Assembler:       Armasm.exe V6.23
Linker/Locator:  ArmLink.exe V6.23
Library Manager: ArmAr.exe V6.23
Hex Converter:   FromElf.exe V6.23
CPU DLL:         SARMCM3.DLL V5.42.0.0
Dialog DLL:      DCM.DLL V1.17.5.0
Target DLL:      UL2CM3.DLL V1.164.14.0
Dialog DLL:      TCM.DLL V1.56.6.0
 
<h2>Project:</h2>
Y:\Desktop\Fwlib_Template_f\Project\BH-F103.uvprojx
Project File Date:  07/29/2025

<h2>Output:</h2>
*** Using Compiler 'V6.23', folder: 'C:\users\crossover\AppData\Local\Keil_v5\ARM\ARMCLANG\Bin'
Rebuild target 'Target 1'
assembling startup_stm32f10x_hd.s...
compiling stm32f10x_bkp.c...
compiling stm32f10x_dbgmcu.c...
compiling misc.c...
compiling stm32f10x_crc.c...
compiling stm32f10x_dac.c...
compiling stm32f10x_cec.c...
compiling stm32f10x_adc.c...
compiling system_stm32f10x.c...
compiling stm32f10x_can.c...
compiling stm32f10x_dma.c...
compiling stm32f10x_exti.c...
compiling stm32f10x_iwdg.c...
compiling stm32f10x_fsmc.c...
compiling stm32f10x_pwr.c...
compiling stm32f10x_i2c.c...
compiling stm32f10x_rtc.c...
compiling stm32f10x_gpio.c...
compiling stm32f10x_flash.c...
compiling stm32f10x_sdio.c...
compiling stm32f10x_it.c...
compiling stm32f10x_wwdg.c...
compiling pwm.c...
compiling main.c...
compiling stm32f10x_spi.c...
compiling stm32f10x_usart.c...
compiling stm32f10x_rcc.c...
compiling GPIO.c...
compiling Timer1.c...
compiling stm32f10x_tim.c...
../User/Usart1/usart1.c(90): warning: while loop has empty body [-Wempty-body]
   90 |         while((USART1->SR&0X40) == 0); //<B5>È´<FD><B7><A2><CB>Í»<BA><B3><E5><C7><F8><BF><D5>
      |                                      ^
../User/Usart1/usart1.c(90): note: put the semicolon on a separate line to silence this warning
../User/Usart1/usart1.c(104): warning: while loop has empty body [-Wempty-body]
  104 |                 while(USART_GetFlagStatus(pUSARTx, USART_FLAG_TXE) == RESET);
      |                                                                             ^
../User/Usart1/usart1.c(104): note: put the semicolon on a separate line to silence this warning
2 warnings generated.
compiling usart1.c...
linking...
Program Size: Code=7076 RO-data=476 RW-data=252 ZI-data=1188  
FromELF: creating hex file...
".\Objects\BH-F103.axf" - 0 Error(s), 2 Warning(s).

<h2>Software Packages used:</h2>

Package Vendor: Keil
                https://www.keil.com/pack/Keil.STM32F1xx_DFP.2.4.1.pack
                Keil::STM32F1xx_DFP@2.4.1
                STMicroelectronics STM32F1 Series Device Support, Drivers and Examples

<h2>Collection of Component include folders:</h2>
  C:/users/crossover/AppData/Local/Arm/Packs/Keil/STM32F1xx_DFP/2.4.1/Device/Include

<h2>Collection of Component Files used:</h2>
Build Time Elapsed:  00:00:12
</pre>
</body>
</html>
