<html>
<body>
<pre>
<h1>µVision Build Log</h1>
<h2>Tool Versions:</h2>
IDE-Version: µVision V5.42.0.0
Copyright (C) 2025 ARM Ltd and ARM Germany GmbH. All rights reserved.
License Information: Stanley ZHAO, Heriot-Watt University, LIC=GMZI6-DKGS4-2ZLW4-FI5LD-AVNYA-H21DR
 
Tool Versions:
Toolchain:       MDK-ARM Plus  Version: 5.42.0.0
Toolchain Path:  C:\users\crossover\AppData\Local\Keil_v5\ARM\ARMCLANG\Bin
C Compiler:      ArmClang.exe V6.23
Assembler:       Armasm.exe V6.23
Linker/Locator:  ArmLink.exe V6.23
Library Manager: ArmAr.exe V6.23
Hex Converter:   FromElf.exe V6.23
CPU DLL:         SARMCM3.DLL V5.42.0.0
Dialog DLL:      DCM.DLL V1.17.5.0
Target DLL:      UL2CM3.DLL V1.164.14.0
Dialog DLL:      TCM.DLL V1.56.6.0
 
<h2>Project:</h2>
Y:\Desktop\Fwlib_Template_f\Project\BH-F103.uvprojx
Project File Date:  07/30/2025

<h2>Output:</h2>
*** Using Compiler 'V6.23', folder: 'C:\users\crossover\AppData\Local\Keil_v5\ARM\ARMCLANG\Bin'
Build target 'Target 1'
compiling main.c...
linking...
Program Size: Code=8840 RO-data=476 RW-data=252 ZI-data=1140  
FromELF: creating hex file...
After Build - User command #2: fromelf --bin -o "Y:\Desktop\Fwlib_Template_f\Project\Objects\BH-F103.bin" "Y:\Desktop\Fwlib_Template_f\Project\Objects\BH-F103.axf"
".\Objects\BH-F103.axf" - 0 Error(s), 0 Warning(s).

<h2>Software Packages used:</h2>

Package Vendor: Keil
                https://www.keil.com/pack/Keil.STM32F1xx_DFP.2.4.1.pack
                Keil::STM32F1xx_DFP@2.4.1
                STMicroelectronics STM32F1 Series Device Support, Drivers and Examples

<h2>Collection of Component include folders:</h2>
  C:/users/crossover/AppData/Local/Arm/Packs/Keil/STM32F1xx_DFP/2.4.1/Device/Include

<h2>Collection of Component Files used:</h2>
Build Time Elapsed:  00:00:03
</pre>
</body>
</html>
